// Jest Snapshot v1, https://goo.gl/fbAQLP

exports[`Test header 1`] = `
<div
  className="heading"
>
  <div
    className="title"
  >
     Math magicians 
  </div>
  <ul
    className="links"
  >
    <li>
      <a
        aria-current="page"
        className="linkItem orange1"
        href="/"
        onClick={[Function]}
        style={Object {}}
      >
        Home
      </a>
    </li>
    <li>
      <a
        aria-current={null}
        className="linkItem"
        href="/calculator"
        onClick={[Function]}
      >
        Calculator
      </a>
    </li>
    <li>
      <a
        aria-current={null}
        className="linkItem"
        href="/quote"
        onClick={[Function]}
      >
        Quote
      </a>
    </li>
  </ul>
</div>
`;
